// Jest Snapshot v1, https://goo.gl/fbAQLP

exports[`DetailsScreen 1`] = `
<RCTSafeAreaView
  emulateUnlessSupported={true}
  style={
    Object {
      "flex": 1,
    }
  }
>
  <View
    style={
      Object {
        "flex": 1,
      }
    }
  >
    <RCTScrollView>
      <View>
        <View
          style={
            Object {
              "alignItems": "center",
              "flex": 1,
              "justifyContent": "center",
              "marginTop": 25,
            }
          }
        >
          <View>
            <ActivityIndicator
              animating={true}
              color="#0000ff"
              hidesWhenStopped={true}
              size="large"
            />
          </View>
          <View
            style={
              Object {
                "alignItems": "center",
                "flex": 1,
                "justifyContent": "center",
                "marginTop": 32,
                "paddingHorizontal": 24,
              }
            }
          >
            <Text
              style={
                Object {
                  "color": "#000",
                  "fontSize": 22,
                  "fontWeight": "600",
                }
              }
            >
              Movie Name: 
            </Text>
            <Text
              style={
                Object {
                  "color": "#444",
                  "fontSize": 18,
                  "fontWeight": "400",
                  "marginTop": 10,
                  "marginVertical": 1,
                  "padding": 5,
                }
              }
            >
              Overview: 
            </Text>
            <Text
              style={
                Object {
                  "color": "#444",
                  "fontSize": 18,
                  "fontWeight": "400",
                  "marginTop": 10,
                  "marginVertical": 1,
                  "padding": 5,
                }
              }
            >
              Release date: 
            </Text>
            <Text
              style={
                Object {
                  "color": "#444",
                  "fontSize": 18,
                  "fontWeight": "400",
                  "marginTop": 10,
                  "marginVertical": 1,
                  "padding": 5,
                }
              }
            >
              Status: 
            </Text>
            <Text
              style={
                Object {
                  "color": "#444",
                  "fontSize": 18,
                  "fontWeight": "400",
                  "marginTop": 10,
                  "marginVertical": 1,
                  "padding": 5,
                }
              }
            >
              Popularity: 
            </Text>
            <Text
              style={
                Object {
                  "color": "#444",
                  "fontSize": 18,
                  "fontWeight": "400",
                  "marginTop": 10,
                  "marginVertical": 1,
                  "padding": 5,
                }
              }
            >
              Homepage: 
            </Text>
            <View>
              <Text
                style={
                  Object {
                    "color": "#444",
                    "fontSize": 18,
                    "fontWeight": "400",
                    "marginTop": 10,
                    "marginVertical": 1,
                    "padding": 5,
                  }
                }
              >
                Spoken languages:
                 
              </Text>
            </View>
          </View>
        </View>
      </View>
    </RCTScrollView>
    <View
      accessibilityRole="button"
      accessibilityState={Object {}}
      accessible={true}
      focusable={true}
      onClick={[Function]}
      onResponderGrant={[Function]}
      onResponderMove={[Function]}
      onResponderRelease={[Function]}
      onResponderTerminate={[Function]}
      onResponderTerminationRequest={[Function]}
      onStartShouldSetResponder={[Function]}
      style={
        Object {
          "opacity": 1,
        }
      }
    >
      <View
        style={
          Array [
            Object {},
          ]
        }
      >
        <Text
          style={
            Array [
              Object {
                "color": "#007AFF",
                "fontSize": 18,
                "margin": 8,
                "textAlign": "center",
              },
              Object {
                "color": "#00e64d",
              },
            ]
          }
        >
          Add to favorites
        </Text>
      </View>
    </View>
  </View>
</RCTSafeAreaView>
`;

exports[`DetailsScreen with details data 1`] = `
<RCTSafeAreaView
  emulateUnlessSupported={true}
  style={
    Object {
      "flex": 1,
    }
  }
>
  <View
    style={
      Object {
        "flex": 1,
      }
    }
  >
    <RCTScrollView>
      <View>
        <View
          style={
            Object {
              "alignItems": "center",
              "flex": 1,
              "justifyContent": "center",
              "marginTop": 25,
            }
          }
        >
          <View>
            <ActivityIndicator
              animating={true}
              color="#0000ff"
              hidesWhenStopped={true}
              size="large"
            />
          </View>
          <View
            style={
              Object {
                "alignItems": "center",
                "flex": 1,
                "justifyContent": "center",
                "marginTop": 32,
                "paddingHorizontal": 24,
              }
            }
          >
            <Text
              style={
                Object {
                  "color": "#000",
                  "fontSize": 22,
                  "fontWeight": "600",
                }
              }
            >
              Movie Name: 
            </Text>
            <Text
              style={
                Object {
                  "color": "#444",
                  "fontSize": 18,
                  "fontWeight": "400",
                  "marginTop": 10,
                  "marginVertical": 1,
                  "padding": 5,
                }
              }
            >
              Overview: 
            </Text>
            <Text
              style={
                Object {
                  "color": "#444",
                  "fontSize": 18,
                  "fontWeight": "400",
                  "marginTop": 10,
                  "marginVertical": 1,
                  "padding": 5,
                }
              }
            >
              Release date: 
            </Text>
            <Text
              style={
                Object {
                  "color": "#444",
                  "fontSize": 18,
                  "fontWeight": "400",
                  "marginTop": 10,
                  "marginVertical": 1,
                  "padding": 5,
                }
              }
            >
              Status: 
            </Text>
            <Text
              style={
                Object {
                  "color": "#444",
                  "fontSize": 18,
                  "fontWeight": "400",
                  "marginTop": 10,
                  "marginVertical": 1,
                  "padding": 5,
                }
              }
            >
              Popularity: 
            </Text>
            <Text
              style={
                Object {
                  "color": "#444",
                  "fontSize": 18,
                  "fontWeight": "400",
                  "marginTop": 10,
                  "marginVertical": 1,
                  "padding": 5,
                }
              }
            >
              Homepage: 
            </Text>
            <View>
              <Text
                style={
                  Object {
                    "color": "#444",
                    "fontSize": 18,
                    "fontWeight": "400",
                    "marginTop": 10,
                    "marginVertical": 1,
                    "padding": 5,
                  }
                }
              >
                Spoken languages:
                 
              </Text>
            </View>
          </View>
        </View>
      </View>
    </RCTScrollView>
    <View
      accessibilityRole="button"
      accessibilityState={Object {}}
      accessible={true}
      focusable={true}
      onClick={[Function]}
      onResponderGrant={[Function]}
      onResponderMove={[Function]}
      onResponderRelease={[Function]}
      onResponderTerminate={[Function]}
      onResponderTerminationRequest={[Function]}
      onStartShouldSetResponder={[Function]}
      style={
        Object {
          "opacity": 1,
        }
      }
    >
      <View
        style={
          Array [
            Object {},
          ]
        }
      >
        <Text
          style={
            Array [
              Object {
                "color": "#007AFF",
                "fontSize": 18,
                "margin": 8,
                "textAlign": "center",
              },
              Object {
                "color": "#00e64d",
              },
            ]
          }
        >
          Add to favorites
        </Text>
      </View>
    </View>
  </View>
</RCTSafeAreaView>
`;

exports[`DetailsScreen with details empty object  1`] = `
<RCTSafeAreaView
  emulateUnlessSupported={true}
  style={
    Object {
      "flex": 1,
    }
  }
>
  <View
    style={
      Object {
        "flex": 1,
      }
    }
  >
    <RCTScrollView>
      <View>
        <View
          style={
            Object {
              "alignItems": "center",
              "flex": 1,
              "justifyContent": "center",
              "marginTop": 25,
            }
          }
        >
          <View>
            <ActivityIndicator
              animating={true}
              color="#0000ff"
              hidesWhenStopped={true}
              size="large"
            />
          </View>
          <View
            style={
              Object {
                "alignItems": "center",
                "flex": 1,
                "justifyContent": "center",
                "marginTop": 32,
                "paddingHorizontal": 24,
              }
            }
          >
            <Text
              style={
                Object {
                  "color": "#000",
                  "fontSize": 22,
                  "fontWeight": "600",
                }
              }
            >
              Movie Name: 
            </Text>
            <Text
              style={
                Object {
                  "color": "#444",
                  "fontSize": 18,
                  "fontWeight": "400",
                  "marginTop": 10,
                  "marginVertical": 1,
                  "padding": 5,
                }
              }
            >
              Overview: 
            </Text>
            <Text
              style={
                Object {
                  "color": "#444",
                  "fontSize": 18,
                  "fontWeight": "400",
                  "marginTop": 10,
                  "marginVertical": 1,
                  "padding": 5,
                }
              }
            >
              Release date: 
            </Text>
            <Text
              style={
                Object {
                  "color": "#444",
                  "fontSize": 18,
                  "fontWeight": "400",
                  "marginTop": 10,
                  "marginVertical": 1,
                  "padding": 5,
                }
              }
            >
              Status: 
            </Text>
            <Text
              style={
                Object {
                  "color": "#444",
                  "fontSize": 18,
                  "fontWeight": "400",
                  "marginTop": 10,
                  "marginVertical": 1,
                  "padding": 5,
                }
              }
            >
              Popularity: 
            </Text>
            <Text
              style={
                Object {
                  "color": "#444",
                  "fontSize": 18,
                  "fontWeight": "400",
                  "marginTop": 10,
                  "marginVertical": 1,
                  "padding": 5,
                }
              }
            >
              Homepage: 
            </Text>
            <View>
              <Text
                style={
                  Object {
                    "color": "#444",
                    "fontSize": 18,
                    "fontWeight": "400",
                    "marginTop": 10,
                    "marginVertical": 1,
                    "padding": 5,
                  }
                }
              >
                Spoken languages:
                 
              </Text>
            </View>
          </View>
        </View>
      </View>
    </RCTScrollView>
    <View
      accessibilityRole="button"
      accessibilityState={Object {}}
      accessible={true}
      focusable={true}
      onClick={[Function]}
      onResponderGrant={[Function]}
      onResponderMove={[Function]}
      onResponderRelease={[Function]}
      onResponderTerminate={[Function]}
      onResponderTerminationRequest={[Function]}
      onStartShouldSetResponder={[Function]}
      style={
        Object {
          "opacity": 1,
        }
      }
    >
      <View
        style={
          Array [
            Object {},
          ]
        }
      >
        <Text
          style={
            Array [
              Object {
                "color": "#007AFF",
                "fontSize": 18,
                "margin": 8,
                "textAlign": "center",
              },
              Object {
                "color": "#00e64d",
              },
            ]
          }
        >
          Add to favorites
        </Text>
      </View>
    </View>
  </View>
</RCTSafeAreaView>
`;
