// Jest Snapshot v1, https://goo.gl/fbAQLP

exports[`EmptyComponent 1`] = `
<View
  style={
    Object {
      "alignSelf": "center",
      "color": "black",
    }
  }
>
  <Text
    style={
      Object {
        "color": "black",
        "paddingHorizontal": 20,
        "paddingVertical": 10,
      }
    }
  />
  <View
    accessible={true}
    focusable={true}
    onClick={[Function]}
    onResponderGrant={[Function]}
    onResponderMove={[Function]}
    onResponderRelease={[Function]}
    onResponderTerminate={[Function]}
    onResponderTerminationRequest={[Function]}
    onStartShouldSetResponder={[Function]}
    style={
      Object {
        "alignSelf": "center",
        "backgroundColor": "#f77a55",
        "borderRadius": 25,
        "color": "#ffffff",
        "fontSize": 20,
        "opacity": 1,
        "paddingHorizontal": 10,
        "paddingVertical": 5,
      }
    }
  >
    <Text
      style={
        Object {
          "alignSelf": "center",
          "backgroundColor": "#f77a55",
          "borderRadius": 25,
          "color": "#ffffff",
          "fontSize": 20,
          "paddingHorizontal": 10,
          "paddingVertical": 5,
        }
      }
    >
      Back To home
    </Text>
  </View>
</View>
`;
